// Jest Snapshot v1, https://goo.gl/fbAQLP

exports[`Spinner matches snapshot 1`] = `
<LoadingSpinnerWrap
  orientation="vertical"
  theme={
    Object {
      "COLOR_BACKGROUND_DEFAULT": "hsl(0, 0%, 100%)",
      "COLOR_BACKGROUND_THREE": "hsl(0, 0%, 94%)",
      "COLOR_BACKGROUND_TWO": "#FDFDFE",
      "COLOR_BRAND_PRIMARY": "#00b42b",
      "COLOR_BRAND_SECONDARY": "#00b42b",
      "COLOR_CONTENT_CONTRAST": "hsl(0, 0%, 0%)",
      "COLOR_CONTENT_DEFAULT": "hsla(0, 0%, 0%, 0.85)",
      "COLOR_CONTENT_MUTED": "hsla(0, 0%, 0%, 0.6)",
      "COLOR_CONTENT_NONESSENTIAL": "hsla(0, 0%, 0%, 0.3)",
      "COLOR_INTENT_DANGER": "#D83D22",
      "COLOR_INTENT_HIGHLIGHT": "#00b42b",
      "COLOR_INTENT_INFO": "#1E6DF6",
      "COLOR_INTENT_SUCCESS": "#00b42b",
      "COLOR_INTENT_WARNING": "#F7CD45",
      "COLOR_KEYLINE_DEFAULT": "hsla(0, 0%, 0%, 0.08)",
      "COLOR_KEYLINE_SOLID": "hsl(0, 0%, 92%)",
      "CORNER_RADIUS_CARD_DEFAULT": "6px",
      "CORNER_RADIUS_CARD_LG": "8px",
      "CORNER_RADIUS_CARD_SM": "4px",
      "CORNER_RADIUS_INPUT": "4px",
      "CORNER_RADIUS_MAX": "90000px",
      "CORNER_RADIUS_SHARP": "2px",
      "FONT_SIZE_HEADING_DEFAULT": "36px",
      "FONT_SIZE_HEADING_LG": "38px",
      "FONT_SIZE_HEADING_SM": "32px",
      "FONT_SIZE_ITEM_TITLE_DEFAULT": "14px",
      "FONT_SIZE_ITEM_TITLE_LG": "16px",
      "FONT_SIZE_ITEM_TITLE_SM": "12px",
      "FONT_SIZE_PAGE_TITLE": "40px",
      "FONT_SIZE_SUBHEADING_DEFAULT": "16px",
      "FONT_SIZE_SUBHEADING_LG": "18px",
      "FONT_SIZE_SUBHEADING_SM": "14px",
      "FONT_SIZE_TEXT_DEFAULT": "14px",
      "FONT_SIZE_TEXT_LG": "16px",
      "FONT_SIZE_TEXT_SM": "12px",
      "FONT_SIZE_TEXT_XL": "18px",
      "FONT_SIZE_TEXT_XS": "10px",
      "FONT_STACK_BRAND": "'Space Grotesk', \\"Helvetica Neue\\", Arial, sans-serif",
      "FONT_STACK_CODE": "\\"SFMono-Regular\\", Consolas, \\"Liberation Mono\\", Menlo, Courier, monospace",
      "FONT_STACK_DEFAULT": "Inter var, Inter, -apple-system, BlinkMacSystemFont, \\"Segoe UI\\", \\"Roboto\\", \\"Oxygen\\", \\"Ubuntu\\", \\"Cantarell\\", \\"Fira Sans\\", \\"Droid Sans\\", \\"Helvetica Neue\\", sans-serif",
      "FONT_WEIGHT_BOLD": 700,
      "FONT_WEIGHT_DEFAULT": 400,
      "FONT_WEIGHT_MEDIUM": 500,
      "FONT_WEIGHT_SEMIBOLD": 600,
      "LETTER_SPACING_DEFAULT": "normal",
      "LINE_HEIGHT_DEFAULT": 1.4,
      "LINE_HEIGHT_LOOSE": 1.6,
      "LINE_HEIGHT_TIGHT": 1.2,
      "OPACITY_FULL": "1",
      "OPACITY_LIGHT": "0.7",
      "OPACITY_LIGHTER": "0.5",
      "OPACITY_LIGHTEST": "0.15",
      "SPACING_BASE": 8,
      "ZINDEX_ABYSS": "-9999",
      "ZINDEX_DROPDOWN": "1010",
      "ZINDEX_FIXED": "1030",
      "ZINDEX_FLOOR": "1",
      "ZINDEX_MODAL": "1050",
      "ZINDEX_POPOVER": "1060",
      "ZINDEX_SCRIM": "1040",
      "ZINDEX_STICKY": "1020",
      "ZINDEX_TOOLTIP": "1070",
      "name": "Keen",
    }
  }
>
  <LoadingSpinner
    orientation="vertical"
    theme={
      Object {
        "COLOR_BACKGROUND_DEFAULT": "hsl(0, 0%, 100%)",
        "COLOR_BACKGROUND_THREE": "hsl(0, 0%, 94%)",
        "COLOR_BACKGROUND_TWO": "#FDFDFE",
        "COLOR_BRAND_PRIMARY": "#00b42b",
        "COLOR_BRAND_SECONDARY": "#00b42b",
        "COLOR_CONTENT_CONTRAST": "hsl(0, 0%, 0%)",
        "COLOR_CONTENT_DEFAULT": "hsla(0, 0%, 0%, 0.85)",
        "COLOR_CONTENT_MUTED": "hsla(0, 0%, 0%, 0.6)",
        "COLOR_CONTENT_NONESSENTIAL": "hsla(0, 0%, 0%, 0.3)",
        "COLOR_INTENT_DANGER": "#D83D22",
        "COLOR_INTENT_HIGHLIGHT": "#00b42b",
        "COLOR_INTENT_INFO": "#1E6DF6",
        "COLOR_INTENT_SUCCESS": "#00b42b",
        "COLOR_INTENT_WARNING": "#F7CD45",
        "COLOR_KEYLINE_DEFAULT": "hsla(0, 0%, 0%, 0.08)",
        "COLOR_KEYLINE_SOLID": "hsl(0, 0%, 92%)",
        "CORNER_RADIUS_CARD_DEFAULT": "6px",
        "CORNER_RADIUS_CARD_LG": "8px",
        "CORNER_RADIUS_CARD_SM": "4px",
        "CORNER_RADIUS_INPUT": "4px",
        "CORNER_RADIUS_MAX": "90000px",
        "CORNER_RADIUS_SHARP": "2px",
        "FONT_SIZE_HEADING_DEFAULT": "36px",
        "FONT_SIZE_HEADING_LG": "38px",
        "FONT_SIZE_HEADING_SM": "32px",
        "FONT_SIZE_ITEM_TITLE_DEFAULT": "14px",
        "FONT_SIZE_ITEM_TITLE_LG": "16px",
        "FONT_SIZE_ITEM_TITLE_SM": "12px",
        "FONT_SIZE_PAGE_TITLE": "40px",
        "FONT_SIZE_SUBHEADING_DEFAULT": "16px",
        "FONT_SIZE_SUBHEADING_LG": "18px",
        "FONT_SIZE_SUBHEADING_SM": "14px",
        "FONT_SIZE_TEXT_DEFAULT": "14px",
        "FONT_SIZE_TEXT_LG": "16px",
        "FONT_SIZE_TEXT_SM": "12px",
        "FONT_SIZE_TEXT_XL": "18px",
        "FONT_SIZE_TEXT_XS": "10px",
        "FONT_STACK_BRAND": "'Space Grotesk', \\"Helvetica Neue\\", Arial, sans-serif",
        "FONT_STACK_CODE": "\\"SFMono-Regular\\", Consolas, \\"Liberation Mono\\", Menlo, Courier, monospace",
        "FONT_STACK_DEFAULT": "Inter var, Inter, -apple-system, BlinkMacSystemFont, \\"Segoe UI\\", \\"Roboto\\", \\"Oxygen\\", \\"Ubuntu\\", \\"Cantarell\\", \\"Fira Sans\\", \\"Droid Sans\\", \\"Helvetica Neue\\", sans-serif",
        "FONT_WEIGHT_BOLD": 700,
        "FONT_WEIGHT_DEFAULT": 400,
        "FONT_WEIGHT_MEDIUM": 500,
        "FONT_WEIGHT_SEMIBOLD": 600,
        "LETTER_SPACING_DEFAULT": "normal",
        "LINE_HEIGHT_DEFAULT": 1.4,
        "LINE_HEIGHT_LOOSE": 1.6,
        "LINE_HEIGHT_TIGHT": 1.2,
        "OPACITY_FULL": "1",
        "OPACITY_LIGHT": "0.7",
        "OPACITY_LIGHTER": "0.5",
        "OPACITY_LIGHTEST": "0.15",
        "SPACING_BASE": 8,
        "ZINDEX_ABYSS": "-9999",
        "ZINDEX_DROPDOWN": "1010",
        "ZINDEX_FIXED": "1030",
        "ZINDEX_FLOOR": "1",
        "ZINDEX_MODAL": "1050",
        "ZINDEX_POPOVER": "1060",
        "ZINDEX_SCRIM": "1040",
        "ZINDEX_STICKY": "1020",
        "ZINDEX_TOOLTIP": "1070",
        "name": "Keen",
      }
    }
  />
  <LoadingMessage
    theme={
      Object {
        "COLOR_BACKGROUND_DEFAULT": "hsl(0, 0%, 100%)",
        "COLOR_BACKGROUND_THREE": "hsl(0, 0%, 94%)",
        "COLOR_BACKGROUND_TWO": "#FDFDFE",
        "COLOR_BRAND_PRIMARY": "#00b42b",
        "COLOR_BRAND_SECONDARY": "#00b42b",
        "COLOR_CONTENT_CONTRAST": "hsl(0, 0%, 0%)",
        "COLOR_CONTENT_DEFAULT": "hsla(0, 0%, 0%, 0.85)",
        "COLOR_CONTENT_MUTED": "hsla(0, 0%, 0%, 0.6)",
        "COLOR_CONTENT_NONESSENTIAL": "hsla(0, 0%, 0%, 0.3)",
        "COLOR_INTENT_DANGER": "#D83D22",
        "COLOR_INTENT_HIGHLIGHT": "#00b42b",
        "COLOR_INTENT_INFO": "#1E6DF6",
        "COLOR_INTENT_SUCCESS": "#00b42b",
        "COLOR_INTENT_WARNING": "#F7CD45",
        "COLOR_KEYLINE_DEFAULT": "hsla(0, 0%, 0%, 0.08)",
        "COLOR_KEYLINE_SOLID": "hsl(0, 0%, 92%)",
        "CORNER_RADIUS_CARD_DEFAULT": "6px",
        "CORNER_RADIUS_CARD_LG": "8px",
        "CORNER_RADIUS_CARD_SM": "4px",
        "CORNER_RADIUS_INPUT": "4px",
        "CORNER_RADIUS_MAX": "90000px",
        "CORNER_RADIUS_SHARP": "2px",
        "FONT_SIZE_HEADING_DEFAULT": "36px",
        "FONT_SIZE_HEADING_LG": "38px",
        "FONT_SIZE_HEADING_SM": "32px",
        "FONT_SIZE_ITEM_TITLE_DEFAULT": "14px",
        "FONT_SIZE_ITEM_TITLE_LG": "16px",
        "FONT_SIZE_ITEM_TITLE_SM": "12px",
        "FONT_SIZE_PAGE_TITLE": "40px",
        "FONT_SIZE_SUBHEADING_DEFAULT": "16px",
        "FONT_SIZE_SUBHEADING_LG": "18px",
        "FONT_SIZE_SUBHEADING_SM": "14px",
        "FONT_SIZE_TEXT_DEFAULT": "14px",
        "FONT_SIZE_TEXT_LG": "16px",
        "FONT_SIZE_TEXT_SM": "12px",
        "FONT_SIZE_TEXT_XL": "18px",
        "FONT_SIZE_TEXT_XS": "10px",
        "FONT_STACK_BRAND": "'Space Grotesk', \\"Helvetica Neue\\", Arial, sans-serif",
        "FONT_STACK_CODE": "\\"SFMono-Regular\\", Consolas, \\"Liberation Mono\\", Menlo, Courier, monospace",
        "FONT_STACK_DEFAULT": "Inter var, Inter, -apple-system, BlinkMacSystemFont, \\"Segoe UI\\", \\"Roboto\\", \\"Oxygen\\", \\"Ubuntu\\", \\"Cantarell\\", \\"Fira Sans\\", \\"Droid Sans\\", \\"Helvetica Neue\\", sans-serif",
        "FONT_WEIGHT_BOLD": 700,
        "FONT_WEIGHT_DEFAULT": 400,
        "FONT_WEIGHT_MEDIUM": 500,
        "FONT_WEIGHT_SEMIBOLD": 600,
        "LETTER_SPACING_DEFAULT": "normal",
        "LINE_HEIGHT_DEFAULT": 1.4,
        "LINE_HEIGHT_LOOSE": 1.6,
        "LINE_HEIGHT_TIGHT": 1.2,
        "OPACITY_FULL": "1",
        "OPACITY_LIGHT": "0.7",
        "OPACITY_LIGHTER": "0.5",
        "OPACITY_LIGHTEST": "0.15",
        "SPACING_BASE": 8,
        "ZINDEX_ABYSS": "-9999",
        "ZINDEX_DROPDOWN": "1010",
        "ZINDEX_FIXED": "1030",
        "ZINDEX_FLOOR": "1",
        "ZINDEX_MODAL": "1050",
        "ZINDEX_POPOVER": "1060",
        "ZINDEX_SCRIM": "1040",
        "ZINDEX_STICKY": "1020",
        "ZINDEX_TOOLTIP": "1070",
        "name": "Keen",
      }
    }
  >
    Loading...
  </LoadingMessage>
</LoadingSpinnerWrap>
`;

exports[`Spinner renders the correct styles when passed a horizontal prop 1`] = `
.c0 {
  -webkit-animation: cFLmvI 16s ease infinite;
  animation: cFLmvI 16s ease infinite;
  margin: calc(var(--SPACING_BASE) * 1 * 1px);
  color: #00b42b;
  overflow: visible;
  height: calc(var(--SPACING_BASE) * 2 * 1px);
  width: calc(var(--SPACING_BASE) * 2 * 1px);
}

<SpinnerSVG
  height="100"
  orientation="horizontal"
  theme={
    Object {
      "COLOR_BACKGROUND_DEFAULT": "hsl(0, 0%, 100%)",
      "COLOR_BACKGROUND_THREE": "hsl(0, 0%, 94%)",
      "COLOR_BACKGROUND_TWO": "#FDFDFE",
      "COLOR_BRAND_PRIMARY": "#00b42b",
      "COLOR_BRAND_SECONDARY": "#00b42b",
      "COLOR_CONTENT_CONTRAST": "hsl(0, 0%, 0%)",
      "COLOR_CONTENT_DEFAULT": "hsla(0, 0%, 0%, 0.85)",
      "COLOR_CONTENT_MUTED": "hsla(0, 0%, 0%, 0.6)",
      "COLOR_CONTENT_NONESSENTIAL": "hsla(0, 0%, 0%, 0.3)",
      "COLOR_INTENT_DANGER": "#D83D22",
      "COLOR_INTENT_HIGHLIGHT": "#00b42b",
      "COLOR_INTENT_INFO": "#1E6DF6",
      "COLOR_INTENT_SUCCESS": "#00b42b",
      "COLOR_INTENT_WARNING": "#F7CD45",
      "COLOR_KEYLINE_DEFAULT": "hsla(0, 0%, 0%, 0.08)",
      "COLOR_KEYLINE_SOLID": "hsl(0, 0%, 92%)",
      "CORNER_RADIUS_CARD_DEFAULT": "6px",
      "CORNER_RADIUS_CARD_LG": "8px",
      "CORNER_RADIUS_CARD_SM": "4px",
      "CORNER_RADIUS_INPUT": "4px",
      "CORNER_RADIUS_MAX": "90000px",
      "CORNER_RADIUS_SHARP": "2px",
      "FONT_SIZE_HEADING_DEFAULT": "36px",
      "FONT_SIZE_HEADING_LG": "38px",
      "FONT_SIZE_HEADING_SM": "32px",
      "FONT_SIZE_ITEM_TITLE_DEFAULT": "14px",
      "FONT_SIZE_ITEM_TITLE_LG": "16px",
      "FONT_SIZE_ITEM_TITLE_SM": "12px",
      "FONT_SIZE_PAGE_TITLE": "40px",
      "FONT_SIZE_SUBHEADING_DEFAULT": "16px",
      "FONT_SIZE_SUBHEADING_LG": "18px",
      "FONT_SIZE_SUBHEADING_SM": "14px",
      "FONT_SIZE_TEXT_DEFAULT": "14px",
      "FONT_SIZE_TEXT_LG": "16px",
      "FONT_SIZE_TEXT_SM": "12px",
      "FONT_SIZE_TEXT_XL": "18px",
      "FONT_SIZE_TEXT_XS": "10px",
      "FONT_STACK_BRAND": "'Space Grotesk', \\"Helvetica Neue\\", Arial, sans-serif",
      "FONT_STACK_CODE": "\\"SFMono-Regular\\", Consolas, \\"Liberation Mono\\", Menlo, Courier, monospace",
      "FONT_STACK_DEFAULT": "Inter var, Inter, -apple-system, BlinkMacSystemFont, \\"Segoe UI\\", \\"Roboto\\", \\"Oxygen\\", \\"Ubuntu\\", \\"Cantarell\\", \\"Fira Sans\\", \\"Droid Sans\\", \\"Helvetica Neue\\", sans-serif",
      "FONT_WEIGHT_BOLD": 700,
      "FONT_WEIGHT_DEFAULT": 400,
      "FONT_WEIGHT_MEDIUM": 500,
      "FONT_WEIGHT_SEMIBOLD": 600,
      "LETTER_SPACING_DEFAULT": "normal",
      "LINE_HEIGHT_DEFAULT": 1.4,
      "LINE_HEIGHT_LOOSE": 1.6,
      "LINE_HEIGHT_TIGHT": 1.2,
      "OPACITY_FULL": "1",
      "OPACITY_LIGHT": "0.7",
      "OPACITY_LIGHTER": "0.5",
      "OPACITY_LIGHTEST": "0.15",
      "SPACING_BASE": 8,
      "ZINDEX_ABYSS": "-9999",
      "ZINDEX_DROPDOWN": "1010",
      "ZINDEX_FIXED": "1030",
      "ZINDEX_FLOOR": "1",
      "ZINDEX_MODAL": "1050",
      "ZINDEX_POPOVER": "1060",
      "ZINDEX_SCRIM": "1040",
      "ZINDEX_STICKY": "1020",
      "ZINDEX_TOOLTIP": "1070",
      "name": "Keen",
    }
  }
  viewBox="0 0 100 100"
  width="100"
  xmlns="http://www.w3.org/2000/svg"
>
  <svg
    className="c0"
    height="100"
    orientation="horizontal"
    viewBox="0 0 100 100"
    width="100"
    xmlns="http://www.w3.org/2000/svg"
  >
    <defs>
      <linearGradient
        id="gradient"
        x1="0%"
        x2="0%"
        y1="0%"
        y2="100%"
      >
        <stop
          offset="0%"
          stopColor="currentColor"
          stopOpacity="0.15"
        />
        <stop
          offset="33%"
          stopColor="currentColor"
          stopOpacity="0.15"
        />
        <stop
          offset="100%"
          stopColor="currentColor"
        />
      </linearGradient>
    </defs>
    <circle
      cx="50"
      cy="50"
      fill="none"
      r="47"
      stroke="url(#gradient)"
      strokeWidth="1.0001"
      transform="rotate(90 50 50)"
      vectorEffect="non-scaling-stroke"
    />
  </svg>
</SpinnerSVG>
`;

exports[`Spinner renders the correct styles when passed a vertical prop 1`] = `
.c0 {
  -webkit-animation: cFLmvI 16s ease infinite;
  animation: cFLmvI 16s ease infinite;
  margin: calc(var(--SPACING_BASE) * 1 * 1px);
  color: #00b42b;
  overflow: visible;
  height: calc(var(--SPACING_BASE) * 6 * 1px);
  width: calc(var(--SPACING_BASE) * 6 * 1px);
}

<SpinnerSVG
  height="100"
  orientation="vertical"
  theme={
    Object {
      "COLOR_BACKGROUND_DEFAULT": "hsl(0, 0%, 100%)",
      "COLOR_BACKGROUND_THREE": "hsl(0, 0%, 94%)",
      "COLOR_BACKGROUND_TWO": "#FDFDFE",
      "COLOR_BRAND_PRIMARY": "#00b42b",
      "COLOR_BRAND_SECONDARY": "#00b42b",
      "COLOR_CONTENT_CONTRAST": "hsl(0, 0%, 0%)",
      "COLOR_CONTENT_DEFAULT": "hsla(0, 0%, 0%, 0.85)",
      "COLOR_CONTENT_MUTED": "hsla(0, 0%, 0%, 0.6)",
      "COLOR_CONTENT_NONESSENTIAL": "hsla(0, 0%, 0%, 0.3)",
      "COLOR_INTENT_DANGER": "#D83D22",
      "COLOR_INTENT_HIGHLIGHT": "#00b42b",
      "COLOR_INTENT_INFO": "#1E6DF6",
      "COLOR_INTENT_SUCCESS": "#00b42b",
      "COLOR_INTENT_WARNING": "#F7CD45",
      "COLOR_KEYLINE_DEFAULT": "hsla(0, 0%, 0%, 0.08)",
      "COLOR_KEYLINE_SOLID": "hsl(0, 0%, 92%)",
      "CORNER_RADIUS_CARD_DEFAULT": "6px",
      "CORNER_RADIUS_CARD_LG": "8px",
      "CORNER_RADIUS_CARD_SM": "4px",
      "CORNER_RADIUS_INPUT": "4px",
      "CORNER_RADIUS_MAX": "90000px",
      "CORNER_RADIUS_SHARP": "2px",
      "FONT_SIZE_HEADING_DEFAULT": "36px",
      "FONT_SIZE_HEADING_LG": "38px",
      "FONT_SIZE_HEADING_SM": "32px",
      "FONT_SIZE_ITEM_TITLE_DEFAULT": "14px",
      "FONT_SIZE_ITEM_TITLE_LG": "16px",
      "FONT_SIZE_ITEM_TITLE_SM": "12px",
      "FONT_SIZE_PAGE_TITLE": "40px",
      "FONT_SIZE_SUBHEADING_DEFAULT": "16px",
      "FONT_SIZE_SUBHEADING_LG": "18px",
      "FONT_SIZE_SUBHEADING_SM": "14px",
      "FONT_SIZE_TEXT_DEFAULT": "14px",
      "FONT_SIZE_TEXT_LG": "16px",
      "FONT_SIZE_TEXT_SM": "12px",
      "FONT_SIZE_TEXT_XL": "18px",
      "FONT_SIZE_TEXT_XS": "10px",
      "FONT_STACK_BRAND": "'Space Grotesk', \\"Helvetica Neue\\", Arial, sans-serif",
      "FONT_STACK_CODE": "\\"SFMono-Regular\\", Consolas, \\"Liberation Mono\\", Menlo, Courier, monospace",
      "FONT_STACK_DEFAULT": "Inter var, Inter, -apple-system, BlinkMacSystemFont, \\"Segoe UI\\", \\"Roboto\\", \\"Oxygen\\", \\"Ubuntu\\", \\"Cantarell\\", \\"Fira Sans\\", \\"Droid Sans\\", \\"Helvetica Neue\\", sans-serif",
      "FONT_WEIGHT_BOLD": 700,
      "FONT_WEIGHT_DEFAULT": 400,
      "FONT_WEIGHT_MEDIUM": 500,
      "FONT_WEIGHT_SEMIBOLD": 600,
      "LETTER_SPACING_DEFAULT": "normal",
      "LINE_HEIGHT_DEFAULT": 1.4,
      "LINE_HEIGHT_LOOSE": 1.6,
      "LINE_HEIGHT_TIGHT": 1.2,
      "OPACITY_FULL": "1",
      "OPACITY_LIGHT": "0.7",
      "OPACITY_LIGHTER": "0.5",
      "OPACITY_LIGHTEST": "0.15",
      "SPACING_BASE": 8,
      "ZINDEX_ABYSS": "-9999",
      "ZINDEX_DROPDOWN": "1010",
      "ZINDEX_FIXED": "1030",
      "ZINDEX_FLOOR": "1",
      "ZINDEX_MODAL": "1050",
      "ZINDEX_POPOVER": "1060",
      "ZINDEX_SCRIM": "1040",
      "ZINDEX_STICKY": "1020",
      "ZINDEX_TOOLTIP": "1070",
      "name": "Keen",
    }
  }
  viewBox="0 0 100 100"
  width="100"
  xmlns="http://www.w3.org/2000/svg"
>
  <svg
    className="c0"
    height="100"
    orientation="vertical"
    viewBox="0 0 100 100"
    width="100"
    xmlns="http://www.w3.org/2000/svg"
  >
    <defs>
      <linearGradient
        id="gradient"
        x1="0%"
        x2="0%"
        y1="0%"
        y2="100%"
      >
        <stop
          offset="0%"
          stopColor="currentColor"
          stopOpacity="0.15"
        />
        <stop
          offset="33%"
          stopColor="currentColor"
          stopOpacity="0.15"
        />
        <stop
          offset="100%"
          stopColor="currentColor"
        />
      </linearGradient>
    </defs>
    <circle
      cx="50"
      cy="50"
      fill="none"
      r="47"
      stroke="url(#gradient)"
      strokeWidth="1.0001"
      transform="rotate(90 50 50)"
      vectorEffect="non-scaling-stroke"
    />
  </svg>
</SpinnerSVG>
`;
