// Jest Snapshot v1, https://goo.gl/fbAQLP

exports[`InputTextField matches snapshot 1`] = `
.c0 {
  min-height: calc( calc(var(--SPACING_BASE) * 3 * 1px) - 2px);
  border-radius: calc( 4px + 1px );
  border: 1px solid hsla(0,0%,0%,0.08);
  padding: calc(var(--SPACING_BASE) * 0.5 * 1px)  calc(var(--SPACING_BASE) * 1 * 1px);
  padding-right: calc(var(--SPACING_BASE) * 1 * 1px);
  -webkit-appearance: none;
  -moz-appearance: none;
  appearance: none;
  margin: 0;
  color: hsla(0,0%,0%,0.85);
  font-family: Inter var,Inter,-apple-system,BlinkMacSystemFont,"Segoe UI","Roboto","Oxygen","Ubuntu","Cantarell","Fira Sans","Droid Sans","Helvetica Neue",sans-serif;
  font-size: 14px;
  background: #FDFDFE;
  box-sizing: border-box;
  line-height: 1.5;
  -webkit-transition: all 0.15s ease;
  transition: all 0.15s ease;
  -webkit-user-select: auto;
  -moz-user-select: auto;
  -ms-user-select: auto;
  user-select: auto;
  -webkit-flex: 1 1 auto;
  -ms-flex: 1 1 auto;
  flex: 1 1 auto;
}

.c0:invalid {
  box-shadow: 0 0 0 0 transparent,0 0 0 0 transparent;
}

.c0:invalid:required {
  background-color: #f9e1dd;
}

.c0:disabled {
  background-color: #FDFDFE;
}

.c0:valid:required {
  background-color: #d8f3df;
}

.c0:valid:required[type="checkbox"]:after,
.c0:valid:required[type="radio"]:after {
  border-color: #00b42b;
}

.c0:-moz-read-only[type="text"],
.c0:-moz-read-only[type="password"],
.c0:-moz-read-only[type="search"],
.c0:-moz-read-only[type="url"],
.c0:-moz-read-only[type="tel"],
.c0:-moz-read-only[type="number"],
.c0:-moz-read-only[type="email"] {
  border-style: dashed !important;
}

.c0:read-only[type="text"],
.c0:read-only[type="password"],
.c0:read-only[type="search"],
.c0:read-only[type="url"],
.c0:read-only[type="tel"],
.c0:read-only[type="number"],
.c0:read-only[type="email"] {
  border-style: dashed !important;
}

.c0:focus,
.c0:focus:active {
  outline: none;
  border: 1px solid #00b42b;
  box-shadow: 0 0 0 2.5px rgba(0,180,43,0.5);
}

.c0::-webkit-search-decoration {
  -webkit-appearance: none;
}

.c0::-webkit-search-cancel-button {
  display: none;
}

.c0::-webkit-input-placeholder {
  color: hsla(0,0%,0%,0.3);
  -webkit-transition: inherit;
  transition: inherit;
}

.c0::-moz-placeholder {
  color: hsla(0,0%,0%,0.3);
  -webkit-transition: inherit;
  transition: inherit;
}

.c0:-ms-input-placeholder {
  color: hsla(0,0%,0%,0.3);
  -webkit-transition: inherit;
  transition: inherit;
}

.c0::placeholder {
  color: hsla(0,0%,0%,0.3);
  -webkit-transition: inherit;
  transition: inherit;
}

<input
  className="c0"
/>
`;
