// Jest Snapshot v1, https://goo.gl/fbAQLP

exports[`Collapse matches snapshot 1`] = `
.c3 {
  margin-right: auto;
}

.c4 {
  font-size: 10px;
}

.c0 {
  width: 100%;
  -webkit-transition: all 0.25s ease;
  transition: all 0.25s ease;
  font-family: Inter var,Inter,-apple-system,BlinkMacSystemFont,"Segoe UI","Roboto","Oxygen","Ubuntu","Cantarell","Fira Sans","Droid Sans","Helvetica Neue",sans-serif;
  border-top: 1px solid hsla(0,0%,0%,0.08);
}

.c1 {
  cursor: pointer;
  width: 100%;
  display: -webkit-box;
  display: -webkit-flex;
  display: -ms-flexbox;
  display: flex;
  -webkit-box-pack: justify;
  -webkit-justify-content: space-between;
  -ms-flex-pack: justify;
  justify-content: space-between;
  -webkit-align-items: center;
  -webkit-box-align: center;
  -ms-flex-align: center;
  align-items: center;
  padding: calc(var(--SPACING_BASE) * 1 * 1px) 0;
}

.c2 {
  margin-right: calc(var(--SPACING_BASE) * 0.75 * 1px);
}

.c2:focus,
.c2:active,
.c2:focus:active {
  outline: none;
  border-radius: 90000px;
  box-shadow: 0 0 0 2px rgba(0,180,43,0.5);
}

.c5 {
  width: 100%;
  -webkit-transition: all 0.25s ease;
  transition: all 0.25s ease;
  overflow: hidden;
}

<Collapse
  initiallyOpen={false}
  theme={
    Object {
      "COLOR_BACKGROUND_DEFAULT": "hsl(0, 0%, 100%)",
      "COLOR_BACKGROUND_THREE": "hsl(0, 0%, 94%)",
      "COLOR_BACKGROUND_TWO": "#FDFDFE",
      "COLOR_BRAND_PRIMARY": "#00b42b",
      "COLOR_BRAND_SECONDARY": "#00b42b",
      "COLOR_CONTENT_CONTRAST": "hsl(0, 0%, 0%)",
      "COLOR_CONTENT_DEFAULT": "hsla(0, 0%, 0%, 0.85)",
      "COLOR_CONTENT_MUTED": "hsla(0, 0%, 0%, 0.6)",
      "COLOR_CONTENT_NONESSENTIAL": "hsla(0, 0%, 0%, 0.3)",
      "COLOR_INTENT_DANGER": "#D83D22",
      "COLOR_INTENT_HIGHLIGHT": "#00b42b",
      "COLOR_INTENT_INFO": "#1E6DF6",
      "COLOR_INTENT_SUCCESS": "#00b42b",
      "COLOR_INTENT_WARNING": "#F7CD45",
      "COLOR_KEYLINE_DEFAULT": "hsla(0, 0%, 0%, 0.08)",
      "COLOR_KEYLINE_SOLID": "hsl(0, 0%, 92%)",
      "CORNER_RADIUS_CARD_DEFAULT": "6px",
      "CORNER_RADIUS_CARD_LG": "8px",
      "CORNER_RADIUS_CARD_SM": "4px",
      "CORNER_RADIUS_INPUT": "4px",
      "CORNER_RADIUS_MAX": "90000px",
      "CORNER_RADIUS_SHARP": "2px",
      "FONT_SIZE_HEADING_DEFAULT": "36px",
      "FONT_SIZE_HEADING_LG": "38px",
      "FONT_SIZE_HEADING_SM": "32px",
      "FONT_SIZE_ITEM_TITLE_DEFAULT": "14px",
      "FONT_SIZE_ITEM_TITLE_LG": "16px",
      "FONT_SIZE_ITEM_TITLE_SM": "12px",
      "FONT_SIZE_PAGE_TITLE": "40px",
      "FONT_SIZE_SUBHEADING_DEFAULT": "16px",
      "FONT_SIZE_SUBHEADING_LG": "18px",
      "FONT_SIZE_SUBHEADING_SM": "14px",
      "FONT_SIZE_TEXT_DEFAULT": "14px",
      "FONT_SIZE_TEXT_LG": "16px",
      "FONT_SIZE_TEXT_SM": "12px",
      "FONT_SIZE_TEXT_XL": "18px",
      "FONT_SIZE_TEXT_XS": "10px",
      "FONT_STACK_BRAND": "'Space Grotesk', \\"Helvetica Neue\\", Arial, sans-serif",
      "FONT_STACK_CODE": "\\"SFMono-Regular\\", Consolas, \\"Liberation Mono\\", Menlo, Courier, monospace",
      "FONT_STACK_DEFAULT": "Inter var, Inter, -apple-system, BlinkMacSystemFont, \\"Segoe UI\\", \\"Roboto\\", \\"Oxygen\\", \\"Ubuntu\\", \\"Cantarell\\", \\"Fira Sans\\", \\"Droid Sans\\", \\"Helvetica Neue\\", sans-serif",
      "FONT_WEIGHT_BOLD": 700,
      "FONT_WEIGHT_DEFAULT": 400,
      "FONT_WEIGHT_MEDIUM": 500,
      "FONT_WEIGHT_SEMIBOLD": 600,
      "LETTER_SPACING_DEFAULT": "normal",
      "LINE_HEIGHT_DEFAULT": 1.4,
      "LINE_HEIGHT_LOOSE": 1.6,
      "LINE_HEIGHT_TIGHT": 1.2,
      "OPACITY_FULL": "1",
      "OPACITY_LIGHT": "0.7",
      "OPACITY_LIGHTER": "0.5",
      "OPACITY_LIGHTEST": "0.15",
      "SPACING_BASE": 8,
      "ZINDEX_ABYSS": "-9999",
      "ZINDEX_DROPDOWN": "1010",
      "ZINDEX_FIXED": "1030",
      "ZINDEX_FLOOR": "1",
      "ZINDEX_MODAL": "1050",
      "ZINDEX_POPOVER": "1060",
      "ZINDEX_SCRIM": "1040",
      "ZINDEX_STICKY": "1020",
      "ZINDEX_TOOLTIP": "1070",
      "name": "Keen",
    }
  }
  title="Collapse title"
>
  <Wrapper
    isOpen={false}
    theme={
      Object {
        "COLOR_BACKGROUND_DEFAULT": "hsl(0, 0%, 100%)",
        "COLOR_BACKGROUND_THREE": "hsl(0, 0%, 94%)",
        "COLOR_BACKGROUND_TWO": "#FDFDFE",
        "COLOR_BRAND_PRIMARY": "#00b42b",
        "COLOR_BRAND_SECONDARY": "#00b42b",
        "COLOR_CONTENT_CONTRAST": "hsl(0, 0%, 0%)",
        "COLOR_CONTENT_DEFAULT": "hsla(0, 0%, 0%, 0.85)",
        "COLOR_CONTENT_MUTED": "hsla(0, 0%, 0%, 0.6)",
        "COLOR_CONTENT_NONESSENTIAL": "hsla(0, 0%, 0%, 0.3)",
        "COLOR_INTENT_DANGER": "#D83D22",
        "COLOR_INTENT_HIGHLIGHT": "#00b42b",
        "COLOR_INTENT_INFO": "#1E6DF6",
        "COLOR_INTENT_SUCCESS": "#00b42b",
        "COLOR_INTENT_WARNING": "#F7CD45",
        "COLOR_KEYLINE_DEFAULT": "hsla(0, 0%, 0%, 0.08)",
        "COLOR_KEYLINE_SOLID": "hsl(0, 0%, 92%)",
        "CORNER_RADIUS_CARD_DEFAULT": "6px",
        "CORNER_RADIUS_CARD_LG": "8px",
        "CORNER_RADIUS_CARD_SM": "4px",
        "CORNER_RADIUS_INPUT": "4px",
        "CORNER_RADIUS_MAX": "90000px",
        "CORNER_RADIUS_SHARP": "2px",
        "FONT_SIZE_HEADING_DEFAULT": "36px",
        "FONT_SIZE_HEADING_LG": "38px",
        "FONT_SIZE_HEADING_SM": "32px",
        "FONT_SIZE_ITEM_TITLE_DEFAULT": "14px",
        "FONT_SIZE_ITEM_TITLE_LG": "16px",
        "FONT_SIZE_ITEM_TITLE_SM": "12px",
        "FONT_SIZE_PAGE_TITLE": "40px",
        "FONT_SIZE_SUBHEADING_DEFAULT": "16px",
        "FONT_SIZE_SUBHEADING_LG": "18px",
        "FONT_SIZE_SUBHEADING_SM": "14px",
        "FONT_SIZE_TEXT_DEFAULT": "14px",
        "FONT_SIZE_TEXT_LG": "16px",
        "FONT_SIZE_TEXT_SM": "12px",
        "FONT_SIZE_TEXT_XL": "18px",
        "FONT_SIZE_TEXT_XS": "10px",
        "FONT_STACK_BRAND": "'Space Grotesk', \\"Helvetica Neue\\", Arial, sans-serif",
        "FONT_STACK_CODE": "\\"SFMono-Regular\\", Consolas, \\"Liberation Mono\\", Menlo, Courier, monospace",
        "FONT_STACK_DEFAULT": "Inter var, Inter, -apple-system, BlinkMacSystemFont, \\"Segoe UI\\", \\"Roboto\\", \\"Oxygen\\", \\"Ubuntu\\", \\"Cantarell\\", \\"Fira Sans\\", \\"Droid Sans\\", \\"Helvetica Neue\\", sans-serif",
        "FONT_WEIGHT_BOLD": 700,
        "FONT_WEIGHT_DEFAULT": 400,
        "FONT_WEIGHT_MEDIUM": 500,
        "FONT_WEIGHT_SEMIBOLD": 600,
        "LETTER_SPACING_DEFAULT": "normal",
        "LINE_HEIGHT_DEFAULT": 1.4,
        "LINE_HEIGHT_LOOSE": 1.6,
        "LINE_HEIGHT_TIGHT": 1.2,
        "OPACITY_FULL": "1",
        "OPACITY_LIGHT": "0.7",
        "OPACITY_LIGHTER": "0.5",
        "OPACITY_LIGHTEST": "0.15",
        "SPACING_BASE": 8,
        "ZINDEX_ABYSS": "-9999",
        "ZINDEX_DROPDOWN": "1010",
        "ZINDEX_FIXED": "1030",
        "ZINDEX_FLOOR": "1",
        "ZINDEX_MODAL": "1050",
        "ZINDEX_POPOVER": "1060",
        "ZINDEX_SCRIM": "1040",
        "ZINDEX_STICKY": "1020",
        "ZINDEX_TOOLTIP": "1070",
        "name": "Keen",
      }
    }
  >
    <section
      className="c0"
    >
      <Header
        onClick={[Function]}
        onKeyDown={[Function]}
      >
        <div
          className="c1"
          onClick={[Function]}
          onKeyDown={[Function]}
        >
          <Opener
            isOpen={false}
            tabIndex={0}
            theme={
              Object {
                "COLOR_BACKGROUND_DEFAULT": "hsl(0, 0%, 100%)",
                "COLOR_BACKGROUND_THREE": "hsl(0, 0%, 94%)",
                "COLOR_BACKGROUND_TWO": "#FDFDFE",
                "COLOR_BRAND_PRIMARY": "#00b42b",
                "COLOR_BRAND_SECONDARY": "#00b42b",
                "COLOR_CONTENT_CONTRAST": "hsl(0, 0%, 0%)",
                "COLOR_CONTENT_DEFAULT": "hsla(0, 0%, 0%, 0.85)",
                "COLOR_CONTENT_MUTED": "hsla(0, 0%, 0%, 0.6)",
                "COLOR_CONTENT_NONESSENTIAL": "hsla(0, 0%, 0%, 0.3)",
                "COLOR_INTENT_DANGER": "#D83D22",
                "COLOR_INTENT_HIGHLIGHT": "#00b42b",
                "COLOR_INTENT_INFO": "#1E6DF6",
                "COLOR_INTENT_SUCCESS": "#00b42b",
                "COLOR_INTENT_WARNING": "#F7CD45",
                "COLOR_KEYLINE_DEFAULT": "hsla(0, 0%, 0%, 0.08)",
                "COLOR_KEYLINE_SOLID": "hsl(0, 0%, 92%)",
                "CORNER_RADIUS_CARD_DEFAULT": "6px",
                "CORNER_RADIUS_CARD_LG": "8px",
                "CORNER_RADIUS_CARD_SM": "4px",
                "CORNER_RADIUS_INPUT": "4px",
                "CORNER_RADIUS_MAX": "90000px",
                "CORNER_RADIUS_SHARP": "2px",
                "FONT_SIZE_HEADING_DEFAULT": "36px",
                "FONT_SIZE_HEADING_LG": "38px",
                "FONT_SIZE_HEADING_SM": "32px",
                "FONT_SIZE_ITEM_TITLE_DEFAULT": "14px",
                "FONT_SIZE_ITEM_TITLE_LG": "16px",
                "FONT_SIZE_ITEM_TITLE_SM": "12px",
                "FONT_SIZE_PAGE_TITLE": "40px",
                "FONT_SIZE_SUBHEADING_DEFAULT": "16px",
                "FONT_SIZE_SUBHEADING_LG": "18px",
                "FONT_SIZE_SUBHEADING_SM": "14px",
                "FONT_SIZE_TEXT_DEFAULT": "14px",
                "FONT_SIZE_TEXT_LG": "16px",
                "FONT_SIZE_TEXT_SM": "12px",
                "FONT_SIZE_TEXT_XL": "18px",
                "FONT_SIZE_TEXT_XS": "10px",
                "FONT_STACK_BRAND": "'Space Grotesk', \\"Helvetica Neue\\", Arial, sans-serif",
                "FONT_STACK_CODE": "\\"SFMono-Regular\\", Consolas, \\"Liberation Mono\\", Menlo, Courier, monospace",
                "FONT_STACK_DEFAULT": "Inter var, Inter, -apple-system, BlinkMacSystemFont, \\"Segoe UI\\", \\"Roboto\\", \\"Oxygen\\", \\"Ubuntu\\", \\"Cantarell\\", \\"Fira Sans\\", \\"Droid Sans\\", \\"Helvetica Neue\\", sans-serif",
                "FONT_WEIGHT_BOLD": 700,
                "FONT_WEIGHT_DEFAULT": 400,
                "FONT_WEIGHT_MEDIUM": 500,
                "FONT_WEIGHT_SEMIBOLD": 600,
                "LETTER_SPACING_DEFAULT": "normal",
                "LINE_HEIGHT_DEFAULT": 1.4,
                "LINE_HEIGHT_LOOSE": 1.6,
                "LINE_HEIGHT_TIGHT": 1.2,
                "OPACITY_FULL": "1",
                "OPACITY_LIGHT": "0.7",
                "OPACITY_LIGHTER": "0.5",
                "OPACITY_LIGHTEST": "0.15",
                "SPACING_BASE": 8,
                "ZINDEX_ABYSS": "-9999",
                "ZINDEX_DROPDOWN": "1010",
                "ZINDEX_FIXED": "1030",
                "ZINDEX_FLOOR": "1",
                "ZINDEX_MODAL": "1050",
                "ZINDEX_POPOVER": "1060",
                "ZINDEX_SCRIM": "1040",
                "ZINDEX_STICKY": "1020",
                "ZINDEX_TOOLTIP": "1070",
                "name": "Keen",
              }
            }
          >
            <div
              className="c2"
              tabIndex={0}
            >
              <icon-mock />
            </div>
          </Opener>
          <Title>
            <div
              className="c3"
            >
              Collapse title
            </div>
          </Title>
          <Detail
            theme={
              Object {
                "COLOR_BACKGROUND_DEFAULT": "hsl(0, 0%, 100%)",
                "COLOR_BACKGROUND_THREE": "hsl(0, 0%, 94%)",
                "COLOR_BACKGROUND_TWO": "#FDFDFE",
                "COLOR_BRAND_PRIMARY": "#00b42b",
                "COLOR_BRAND_SECONDARY": "#00b42b",
                "COLOR_CONTENT_CONTRAST": "hsl(0, 0%, 0%)",
                "COLOR_CONTENT_DEFAULT": "hsla(0, 0%, 0%, 0.85)",
                "COLOR_CONTENT_MUTED": "hsla(0, 0%, 0%, 0.6)",
                "COLOR_CONTENT_NONESSENTIAL": "hsla(0, 0%, 0%, 0.3)",
                "COLOR_INTENT_DANGER": "#D83D22",
                "COLOR_INTENT_HIGHLIGHT": "#00b42b",
                "COLOR_INTENT_INFO": "#1E6DF6",
                "COLOR_INTENT_SUCCESS": "#00b42b",
                "COLOR_INTENT_WARNING": "#F7CD45",
                "COLOR_KEYLINE_DEFAULT": "hsla(0, 0%, 0%, 0.08)",
                "COLOR_KEYLINE_SOLID": "hsl(0, 0%, 92%)",
                "CORNER_RADIUS_CARD_DEFAULT": "6px",
                "CORNER_RADIUS_CARD_LG": "8px",
                "CORNER_RADIUS_CARD_SM": "4px",
                "CORNER_RADIUS_INPUT": "4px",
                "CORNER_RADIUS_MAX": "90000px",
                "CORNER_RADIUS_SHARP": "2px",
                "FONT_SIZE_HEADING_DEFAULT": "36px",
                "FONT_SIZE_HEADING_LG": "38px",
                "FONT_SIZE_HEADING_SM": "32px",
                "FONT_SIZE_ITEM_TITLE_DEFAULT": "14px",
                "FONT_SIZE_ITEM_TITLE_LG": "16px",
                "FONT_SIZE_ITEM_TITLE_SM": "12px",
                "FONT_SIZE_PAGE_TITLE": "40px",
                "FONT_SIZE_SUBHEADING_DEFAULT": "16px",
                "FONT_SIZE_SUBHEADING_LG": "18px",
                "FONT_SIZE_SUBHEADING_SM": "14px",
                "FONT_SIZE_TEXT_DEFAULT": "14px",
                "FONT_SIZE_TEXT_LG": "16px",
                "FONT_SIZE_TEXT_SM": "12px",
                "FONT_SIZE_TEXT_XL": "18px",
                "FONT_SIZE_TEXT_XS": "10px",
                "FONT_STACK_BRAND": "'Space Grotesk', \\"Helvetica Neue\\", Arial, sans-serif",
                "FONT_STACK_CODE": "\\"SFMono-Regular\\", Consolas, \\"Liberation Mono\\", Menlo, Courier, monospace",
                "FONT_STACK_DEFAULT": "Inter var, Inter, -apple-system, BlinkMacSystemFont, \\"Segoe UI\\", \\"Roboto\\", \\"Oxygen\\", \\"Ubuntu\\", \\"Cantarell\\", \\"Fira Sans\\", \\"Droid Sans\\", \\"Helvetica Neue\\", sans-serif",
                "FONT_WEIGHT_BOLD": 700,
                "FONT_WEIGHT_DEFAULT": 400,
                "FONT_WEIGHT_MEDIUM": 500,
                "FONT_WEIGHT_SEMIBOLD": 600,
                "LETTER_SPACING_DEFAULT": "normal",
                "LINE_HEIGHT_DEFAULT": 1.4,
                "LINE_HEIGHT_LOOSE": 1.6,
                "LINE_HEIGHT_TIGHT": 1.2,
                "OPACITY_FULL": "1",
                "OPACITY_LIGHT": "0.7",
                "OPACITY_LIGHTER": "0.5",
                "OPACITY_LIGHTEST": "0.15",
                "SPACING_BASE": 8,
                "ZINDEX_ABYSS": "-9999",
                "ZINDEX_DROPDOWN": "1010",
                "ZINDEX_FIXED": "1030",
                "ZINDEX_FLOOR": "1",
                "ZINDEX_MODAL": "1050",
                "ZINDEX_POPOVER": "1060",
                "ZINDEX_SCRIM": "1040",
                "ZINDEX_STICKY": "1020",
                "ZINDEX_TOOLTIP": "1070",
                "name": "Keen",
              }
            }
          >
            <div
              className="c4"
            />
          </Detail>
        </div>
      </Header>
      <Body>
        <div
          className="c5"
        >
          <div
            height="300px"
          >
            Collapse children
          </div>
        </div>
      </Body>
    </section>
  </Wrapper>
</Collapse>
`;
