// Jest Snapshot v1, https://goo.gl/fbAQLP

exports[`Table matches snapshot 1`] = `
<Wrap
  theme={
    Object {
      "COLOR_BACKGROUND_DEFAULT": "hsl(0, 0%, 100%)",
      "COLOR_BACKGROUND_THREE": "hsl(0, 0%, 94%)",
      "COLOR_BACKGROUND_TWO": "#FDFDFE",
      "COLOR_BRAND_PRIMARY": "#00b42b",
      "COLOR_BRAND_SECONDARY": "#00b42b",
      "COLOR_CONTENT_CONTRAST": "hsl(0, 0%, 0%)",
      "COLOR_CONTENT_DEFAULT": "hsla(0, 0%, 0%, 0.85)",
      "COLOR_CONTENT_MUTED": "hsla(0, 0%, 0%, 0.6)",
      "COLOR_CONTENT_NONESSENTIAL": "hsla(0, 0%, 0%, 0.3)",
      "COLOR_INTENT_DANGER": "#D83D22",
      "COLOR_INTENT_HIGHLIGHT": "#00b42b",
      "COLOR_INTENT_INFO": "#1E6DF6",
      "COLOR_INTENT_SUCCESS": "#00b42b",
      "COLOR_INTENT_WARNING": "#F7CD45",
      "COLOR_KEYLINE_DEFAULT": "hsla(0, 0%, 0%, 0.08)",
      "COLOR_KEYLINE_SOLID": "hsl(0, 0%, 92%)",
      "CORNER_RADIUS_CARD_DEFAULT": "6px",
      "CORNER_RADIUS_CARD_LG": "8px",
      "CORNER_RADIUS_CARD_SM": "4px",
      "CORNER_RADIUS_INPUT": "4px",
      "CORNER_RADIUS_MAX": "90000px",
      "CORNER_RADIUS_SHARP": "2px",
      "FONT_SIZE_HEADING_DEFAULT": "36px",
      "FONT_SIZE_HEADING_LG": "38px",
      "FONT_SIZE_HEADING_SM": "32px",
      "FONT_SIZE_ITEM_TITLE_DEFAULT": "14px",
      "FONT_SIZE_ITEM_TITLE_LG": "16px",
      "FONT_SIZE_ITEM_TITLE_SM": "12px",
      "FONT_SIZE_PAGE_TITLE": "40px",
      "FONT_SIZE_SUBHEADING_DEFAULT": "16px",
      "FONT_SIZE_SUBHEADING_LG": "18px",
      "FONT_SIZE_SUBHEADING_SM": "14px",
      "FONT_SIZE_TEXT_DEFAULT": "14px",
      "FONT_SIZE_TEXT_LG": "16px",
      "FONT_SIZE_TEXT_SM": "12px",
      "FONT_SIZE_TEXT_XL": "18px",
      "FONT_SIZE_TEXT_XS": "10px",
      "FONT_STACK_BRAND": "'Space Grotesk', \\"Helvetica Neue\\", Arial, sans-serif",
      "FONT_STACK_CODE": "\\"SFMono-Regular\\", Consolas, \\"Liberation Mono\\", Menlo, Courier, monospace",
      "FONT_STACK_DEFAULT": "Inter var, Inter, -apple-system, BlinkMacSystemFont, \\"Segoe UI\\", \\"Roboto\\", \\"Oxygen\\", \\"Ubuntu\\", \\"Cantarell\\", \\"Fira Sans\\", \\"Droid Sans\\", \\"Helvetica Neue\\", sans-serif",
      "FONT_WEIGHT_BOLD": 700,
      "FONT_WEIGHT_DEFAULT": 400,
      "FONT_WEIGHT_MEDIUM": 500,
      "FONT_WEIGHT_SEMIBOLD": 600,
      "LETTER_SPACING_DEFAULT": "normal",
      "LINE_HEIGHT_DEFAULT": 1.4,
      "LINE_HEIGHT_LOOSE": 1.6,
      "LINE_HEIGHT_TIGHT": 1.2,
      "OPACITY_FULL": "1",
      "OPACITY_LIGHT": "0.7",
      "OPACITY_LIGHTER": "0.5",
      "OPACITY_LIGHTEST": "0.15",
      "SPACING_BASE": 8,
      "ZINDEX_ABYSS": "-9999",
      "ZINDEX_DROPDOWN": "1010",
      "ZINDEX_FIXED": "1030",
      "ZINDEX_FLOOR": "1",
      "ZINDEX_MODAL": "1050",
      "ZINDEX_POPOVER": "1060",
      "ZINDEX_SCRIM": "1040",
      "ZINDEX_STICKY": "1020",
      "ZINDEX_TOOLTIP": "1070",
      "name": "Keen",
    }
  }
>
  <colgroup>
    <TableColumn
      colWidth="50%"
      key="50%|0"
    />
    <TableColumn
      colWidth="20%"
      key="20%|1"
    />
    <TableColumn
      colWidth="10%"
      key="10%|2"
    />
    <TableColumn
      colWidth="10%"
      key="10%|3"
    />
  </colgroup>
  <TableHeader
    columns={
      Array [
        Object {
          "dataIndex": "name",
          "key": "name",
          "onSort": [Function],
          "title": "Name",
          "width": "50%",
        },
        Object {
          "dataIndex": "address",
          "key": "address",
          "onSort": [Function],
          "title": "Address",
          "width": "20%",
        },
        Object {
          "dataIndex": "age",
          "key": "age",
          "onSort": [Function],
          "title": "Age",
          "width": "10%",
        },
        Object {
          "dataIndex": "favfood",
          "key": "favfood",
          "onSort": [Function],
          "title": "Food",
          "width": "10%",
        },
      ]
    }
    onSort={[Function]}
  />
  <tbody>
    <TableRow
      columns={
        Array [
          Object {
            "dataIndex": "name",
            "key": "name",
            "onSort": [Function],
            "title": "Name",
            "width": "50%",
          },
          Object {
            "dataIndex": "address",
            "key": "address",
            "onSort": [Function],
            "title": "Address",
            "width": "20%",
          },
          Object {
            "dataIndex": "age",
            "key": "age",
            "onSort": [Function],
            "title": "Age",
            "width": "10%",
          },
          Object {
            "dataIndex": "favfood",
            "key": "favfood",
            "onSort": [Function],
            "title": "Food",
            "width": "10%",
          },
        ]
      }
      data={
        Object {
          "address": "New York No. 1 Lake Park",
          "age": 32,
          "favfood": "Hotdogs",
          "key": "1",
          "name": "Adolph Blaine Charles David Earl Frederick Gerald Hubert Irvin John Kenneth Lloyd Martin Nero Oliver Paul Quincy Randolph Sherman Thomas Uncas Victor William Xerxes Yancy Wolfeschlegelsteinhausenbergerdorff, Senior",
        }
      }
      isSelected={false}
      key="1"
      onRowClick={[Function]}
      rowIndex={0}
    />
    <TableRow
      columns={
        Array [
          Object {
            "dataIndex": "name",
            "key": "name",
            "onSort": [Function],
            "title": "Name",
            "width": "50%",
          },
          Object {
            "dataIndex": "address",
            "key": "address",
            "onSort": [Function],
            "title": "Address",
            "width": "20%",
          },
          Object {
            "dataIndex": "age",
            "key": "age",
            "onSort": [Function],
            "title": "Age",
            "width": "10%",
          },
          Object {
            "dataIndex": "favfood",
            "key": "favfood",
            "onSort": [Function],
            "title": "Food",
            "width": "10%",
          },
        ]
      }
      data={
        Object {
          "address": "London No. 1 Lake Park",
          "age": 42,
          "favfood": "Amatriciana",
          "key": "2",
          "name": "Jane Green",
        }
      }
      isSelected={false}
      key="2"
      onRowClick={[Function]}
      rowIndex={1}
    />
    <TableRow
      columns={
        Array [
          Object {
            "dataIndex": "name",
            "key": "name",
            "onSort": [Function],
            "title": "Name",
            "width": "50%",
          },
          Object {
            "dataIndex": "address",
            "key": "address",
            "onSort": [Function],
            "title": "Address",
            "width": "20%",
          },
          Object {
            "dataIndex": "age",
            "key": "age",
            "onSort": [Function],
            "title": "Age",
            "width": "10%",
          },
          Object {
            "dataIndex": "favfood",
            "key": "favfood",
            "onSort": [Function],
            "title": "Food",
            "width": "10%",
          },
        ]
      }
      data={
        Object {
          "address": "Sidney No. 1 Lake Park",
          "age": 32,
          "favfood": "Grilled Cheese",
          "key": "3",
          "name": "Jenny Black",
        }
      }
      isSelected={false}
      key="3"
      onRowClick={[Function]}
      rowIndex={2}
    />
  </tbody>
</Wrap>
`;
